\BOOKMARK [1][-]{section*.1}{\376\377\173\046\123\367\210\150}{}% 1
\BOOKMARK [1][-]{section.1}{\376\377\137\025\212\000}{}% 2
\BOOKMARK [2][-]{subsection.1.1}{\376\377\200\314\146\157\116\016\122\250\147\072}{section.1}% 3
\BOOKMARK [2][-]{subsection.1.2}{\376\377\163\260\147\011\145\160\143\156\232\161\122\250\145\271\154\325\166\204\134\100\226\120\140\047}{section.1}% 4
\BOOKMARK [2][-]{subsection.1.3}{\376\377\142\100\143\320\145\271\154\325\116\016\116\073\211\201\215\041\163\056}{section.1}% 5
\BOOKMARK [1][-]{section.2}{\376\377\142\100\143\320\000\040\000P\000h\000y\000s\000F\000o\000r\000m\000e\000r\000\040\150\106\147\266}{}% 6
\BOOKMARK [2][-]{subsection.2.1}{\376\377\145\160\133\146\137\142\137\017\123\026\116\016\230\204\155\113\116\373\122\241\147\204\136\372}{section.2}% 7
\BOOKMARK [2][-]{subsection.2.2}{\376\377\145\164\117\123\147\266\147\204}{section.2}% 8
\BOOKMARK [2][-]{subsection.2.3}{\376\377\146\076\137\017\162\151\164\006\146\040\134\004}{section.2}% 9
\BOOKMARK [3][-]{subsubsection.2.3.1}{\376\377\121\111\117\017\152\041\127\213}{subsection.2.3}% 10
\BOOKMARK [3][-]{subsubsection.2.3.2}{\376\377\230\316\165\065\152\041\127\213}{subsection.2.3}% 11
\BOOKMARK [3][-]{subsubsection.2.3.3}{\376\377\215\037\203\167\152\041\127\213}{subsection.2.3}% 12
\BOOKMARK [3][-]{subsubsection.2.3.4}{\376\377\162\151\164\006\157\300\155\073\225\350\143\247}{subsection.2.3}% 13
\BOOKMARK [2][-]{subsection.2.4}{\376\377\162\151\164\006\137\025\133\374\126\340\147\234\200\046\124\010\000\040\000\050\000P\000G\000C\000C\000\051}{section.2}% 14
\BOOKMARK [3][-]{subsubsection.2.4.1}{\376\377\162\151\164\006\225\032\133\232\166\204\121\111\161\147\121\110\232\214}{subsection.2.4}% 15
\BOOKMARK [3][-]{subsubsection.2.4.2}{\376\377\154\342\122\250\141\037\167\345\217\157\225\350\143\247}{subsection.2.4}% 16
\BOOKMARK [3][-]{subsubsection.2.4.3}{\376\377\156\220\137\002\147\204\225\350\143\247\217\271\165\114}{subsection.2.4}% 17
\BOOKMARK [3][-]{subsubsection.2.4.4}{\376\377\165\061\162\151\164\006\122\060\145\160\143\156\166\204\213\376\172\013\217\307\156\041}{subsection.2.4}% 18
\BOOKMARK [3][-]{subsubsection.2.4.5}{\376\377\145\366\225\364\136\163\156\321}{subsection.2.4}% 19
\BOOKMARK [2][-]{subsection.2.5}{\376\377\131\026\165\037\131\051\154\024\226\306\142\020}{section.2}% 20
\BOOKMARK [2][-]{subsection.2.6}{\376\377\147\011\165\114\162\151\164\006\122\250\117\134\153\213\135\356\000\040\000\050\000B\000P\000A\000R\000\051\000\040\147\072\122\066}{section.2}% 21
\BOOKMARK [2][-]{subsection.2.7}{\376\377\162\151\164\006\176\246\147\137\166\204\213\376\172\013\213\255\176\303\000\040\000\050\000P\000h\000y\000s\000i\000c\000s\000-\000C\000o\000n\000s\000t\000r\000a\000i\000n\000e\000d\000\040\000C\000u\000r\000r\000i\000c\000u\000l\000u\000m\000\040\000T\000r\000a\000i\000n\000i\000n\000g\000\051}{section.2}% 22
\BOOKMARK [3][-]{subsubsection.2.7.1}{\376\377\143\137\131\061\121\375\145\160\213\276\213\241}{subsection.2.7}% 23
\BOOKMARK [3][-]{subsubsection.2.7.2}{\376\377\126\333\116\052\226\066\153\265\166\204\213\376\172\013\133\146\116\140}{subsection.2.7}% 24
\BOOKMARK [3][-]{subsubsection.2.7.3}{\376\377\134\102\176\247\133\146\116\140\163\207\116\016\145\351\120\134}{subsection.2.7}% 25
\BOOKMARK [1][-]{section.3}{\376\377\150\110\117\213\170\024\172\166\116\016\140\047\200\375\213\304\117\060}{}% 26
\BOOKMARK [2][-]{subsection.3.1}{\376\377\145\160\143\156\226\306\116\016\133\236\232\214\213\276\177\156}{section.3}% 27
\BOOKMARK [2][-]{subsection.3.2}{\376\377\230\204\155\113\140\047\200\375\122\006\147\220}{section.3}% 28
\BOOKMARK [2][-]{subsection.3.3}{\376\377\162\151\164\006\124\010\211\304\140\047\116\016\133\211\121\150\140\047\232\214\213\301}{section.3}% 29
\BOOKMARK [3][-]{subsubsection.3.3.1}{\376\377\124\057\123\321\137\017\124\016\131\004\164\006\166\204\134\100\226\120\140\047}{subsection.3.3}% 30
\BOOKMARK [3][-]{subsubsection.3.3.2}{\376\377\147\201\172\357\147\141\116\366\116\013\166\204\234\201\150\322\140\047}{subsection.3.3}% 31
\BOOKMARK [2][-]{subsection.3.4}{\376\377\152\041\127\213\123\357\211\343\221\312\140\047\116\016\145\110\163\207}{section.3}% 32
\BOOKMARK [3][-]{subsubsection.3.4.1}{\376\377\162\151\164\006\123\357\211\343\221\312\140\047\213\304\117\060}{subsection.3.4}% 33
\BOOKMARK [3][-]{subsubsection.3.4.2}{\376\377\166\321\167\143\133\371\237\120\116\016\155\214\163\260\126\340\147\234\140\047\166\204\123\072\122\053}{subsection.3.4}% 34
\BOOKMARK [3][-]{subsubsection.3.4.3}{\376\377\213\241\173\227\131\015\147\102\136\246\122\006\147\220}{subsection.3.4}% 35
\BOOKMARK [2][-]{subsection.3.5}{\376\377\155\210\207\215\133\236\232\214}{section.3}% 36
\BOOKMARK [3][-]{subsubsection.3.5.1}{\376\377\220\020\176\304\116\366\155\210\207\215\122\006\147\220}{subsection.3.5}% 37
\BOOKMARK [1][-]{section.4}{\376\377\176\323\213\272}{}% 38
\BOOKMARK [1][-]{section*.2}{\376\377\000R\000e\000f\000e\000r\000e\000n\000c\000e\000s}{}% 39
